// Jest Snapshot v1, https://goo.gl/fbAQLP

exports[`renders correctly 1`] = `
<RNCSafeAreaProvider
  onInsetsChange={[Function]}
  style={
    [
      {
        "flex": 1,
      },
      undefined,
    ]
  }
>
  <View
    collapsable={false}
    pointerEvents="box-none"
    style={
      {
        "flex": 1,
      }
    }
  >
    <RNCSafeAreaView
      edges={
        {
          "bottom": "additive",
          "left": "additive",
          "right": "additive",
          "top": "additive",
        }
      }
      style={
        [
          {
            "flex": 1,
          },
          {
            "backgroundColor": "#028843",
          },
        ]
      }
    >
      <View
        style={
          [
            {
              "flexDirection": "column",
            },
            {
              "height": "100%",
              "justifyContent": "space-between",
            },
          ]
        }
      >
        <View
          style={
            [
              {
                "flexDirection": "column",
              },
              {
                "alignItems": "center",
                "flexGrow": 1,
                "justifyContent": "center",
              },
            ]
          }
        >
          <
            height="144px"
            width="144px"
          />
          <Text
            lineHeight="56px"
            style={
              {
                "color": "#FFFFFF",
                "fontSize": 30,
                "fontWeight": "bold",
                "marginTop": 34,
              }
            }
          >
            LandPKS Soil ID
          </Text>
          <Text
            lineHeight="32px"
            style={
              {
                "color": "#FFFFFF",
                "fontSize": 22,
                "fontWeight": "400",
                "marginTop": 14,
              }
            }
          >
            Discover your landâ€™s potential
          </Text>
        </View>
        <View
          style={
            [
              {
                "flexDirection": "column",
              },
              {
                "alignItems": "center",
                "flexGrow": 1,
              },
            ]
          }
        >
          <View
            style={
              [
                {
                  "flexDirection": "row",
                },
                {
                  "marginHorizontal": 24,
                },
              ]
            }
          >
            <View
              style={
                {
                  "flex": 1,
                }
              }
            >
              <View
                style={
                  {
                    "backgroundColor": "#FDEDED",
                    "borderColor": "#D32F2F",
                    "borderRadius": 4,
                    "borderWidth": 2,
                    "padding": 16,
                  }
                }
              >
                <View
                  style={
                    [
                      {
                        "flexDirection": "row",
                      },
                      {},
                    ]
                  }
                >
                  <Icon
                    color="#D32F2F"
                    name="error-outline"
                    size={24}
                    style={
                      {
                        "marginRight": 16,
                      }
                    }
                  />
                  <View
                    style={
                      [
                        {
                          "flexDirection": "column",
                        },
                        {
                          "flex": 1,
                        },
                      ]
                    }
                  >
                    <Text
                      lineHeight="24px"
                      style={
                        {
                          "color": "#5F2120",
                          "fontSize": 16,
                          "fontWeight": "700",
                          "marginBottom": 8,
                        }
                      }
                    >
                      Sign in not available offline
                    </Text>
                    <Text
                      letterSpacing="0.15px"
                      lineHeight="24px"
                      style={
                        {
                          "color": "#1A202C",
                          "fontSize": 16,
                          "fontWeight": "400",
                          "marginBottom": 8,
                        }
                      }
                    >
                      To use LandPKS Soil ID offline, you must first sign in while online.
                    </Text>
                  </View>
                </View>
              </View>
            </View>
          </View>
        </View>
        <View
          style={
            [
              {
                "flexDirection": "column",
              },
              {
                "alignItems": "center",
              },
            ]
          }
        >
          <View
            style={
              [
                {
                  "flexDirection": "row",
                },
                {
                  "alignItems": "flex-end",
                  "marginBottom": 6,
                },
              ]
            }
          >
            <Text
              letterSpacing="0.15px"
              lineHeight="24px"
              style={
                {
                  "color": "#FFFFFF",
                  "fontSize": 16,
                  "fontWeight": "400",
                  "marginBottom": 6,
                  "marginRight": 5,
                }
              }
            >
              from
            </Text>
            <
              height="39px"
              width="122px"
            />
          </View>
        </View>
      </View>
    </RNCSafeAreaView>
  </View>
</RNCSafeAreaProvider>
`;
